Archive member included to satisfy reference by file (symbol)

c:/st/stm32cubeide_1.11.2/stm32cubeide/plugins/com.st.stm32cube.ide.mcu.externaltools.gnu-tools-for-stm32.10.3-2021.10.win32_1.0.200.202301161003/tools/bin/../lib/gcc/arm-none-eabi/10.3.1/../../../../arm-none-eabi/lib/thumb/v7e-m+fp/hard\libc_nano.a(lib_a-errno.o)
                              ./Core/Src/syscalls.o (__errno)
c:/st/stm32cubeide_1.11.2/stm32cubeide/plugins/com.st.stm32cube.ide.mcu.externaltools.gnu-tools-for-stm32.10.3-2021.10.win32_1.0.200.202301161003/tools/bin/../lib/gcc/arm-none-eabi/10.3.1/../../../../arm-none-eabi/lib/thumb/v7e-m+fp/hard\libc_nano.a(lib_a-exit.o)
                              c:/st/stm32cubeide_1.11.2/stm32cubeide/plugins/com.st.stm32cube.ide.mcu.externaltools.gnu-tools-for-stm32.10.3-2021.10.win32_1.0.200.202301161003/tools/bin/../lib/gcc/arm-none-eabi/10.3.1/../../../../arm-none-eabi/lib/thumb/v7e-m+fp/hard/crt0.o (exit)
c:/st/stm32cubeide_1.11.2/stm32cubeide/plugins/com.st.stm32cube.ide.mcu.externaltools.gnu-tools-for-stm32.10.3-2021.10.win32_1.0.200.202301161003/tools/bin/../lib/gcc/arm-none-eabi/10.3.1/../../../../arm-none-eabi/lib/thumb/v7e-m+fp/hard\libc_nano.a(lib_a-impure.o)
                              c:/st/stm32cubeide_1.11.2/stm32cubeide/plugins/com.st.stm32cube.ide.mcu.externaltools.gnu-tools-for-stm32.10.3-2021.10.win32_1.0.200.202301161003/tools/bin/../lib/gcc/arm-none-eabi/10.3.1/../../../../arm-none-eabi/lib/thumb/v7e-m+fp/hard\libc_nano.a(lib_a-exit.o) (_global_impure_ptr)
c:/st/stm32cubeide_1.11.2/stm32cubeide/plugins/com.st.stm32cube.ide.mcu.externaltools.gnu-tools-for-stm32.10.3-2021.10.win32_1.0.200.202301161003/tools/bin/../lib/gcc/arm-none-eabi/10.3.1/../../../../arm-none-eabi/lib/thumb/v7e-m+fp/hard\libc_nano.a(lib_a-init.o)
                              c:/st/stm32cubeide_1.11.2/stm32cubeide/plugins/com.st.stm32cube.ide.mcu.externaltools.gnu-tools-for-stm32.10.3-2021.10.win32_1.0.200.202301161003/tools/bin/../lib/gcc/arm-none-eabi/10.3.1/../../../../arm-none-eabi/lib/thumb/v7e-m+fp/hard/crt0.o (__libc_init_array)
c:/st/stm32cubeide_1.11.2/stm32cubeide/plugins/com.st.stm32cube.ide.mcu.externaltools.gnu-tools-for-stm32.10.3-2021.10.win32_1.0.200.202301161003/tools/bin/../lib/gcc/arm-none-eabi/10.3.1/../../../../arm-none-eabi/lib/thumb/v7e-m+fp/hard\libc_nano.a(lib_a-memset.o)
                              c:/st/stm32cubeide_1.11.2/stm32cubeide/plugins/com.st.stm32cube.ide.mcu.externaltools.gnu-tools-for-stm32.10.3-2021.10.win32_1.0.200.202301161003/tools/bin/../lib/gcc/arm-none-eabi/10.3.1/../../../../arm-none-eabi/lib/thumb/v7e-m+fp/hard/crt0.o (memset)
c:/st/stm32cubeide_1.11.2/stm32cubeide/plugins/com.st.stm32cube.ide.mcu.externaltools.gnu-tools-for-stm32.10.3-2021.10.win32_1.0.200.202301161003/tools/bin/../lib/gcc/arm-none-eabi/10.3.1/thumb/v7e-m+fp/hard\libgcc.a(_aeabi_uldivmod.o)
                              ./Drivers/STM32F4xx_HAL_Driver/Src/stm32f4xx_hal_rcc.o (__aeabi_uldivmod)
c:/st/stm32cubeide_1.11.2/stm32cubeide/plugins/com.st.stm32cube.ide.mcu.externaltools.gnu-tools-for-stm32.10.3-2021.10.win32_1.0.200.202301161003/tools/bin/../lib/gcc/arm-none-eabi/10.3.1/thumb/v7e-m+fp/hard\libgcc.a(_udivmoddi4.o)
                              c:/st/stm32cubeide_1.11.2/stm32cubeide/plugins/com.st.stm32cube.ide.mcu.externaltools.gnu-tools-for-stm32.10.3-2021.10.win32_1.0.200.202301161003/tools/bin/../lib/gcc/arm-none-eabi/10.3.1/thumb/v7e-m+fp/hard\libgcc.a(_aeabi_uldivmod.o) (__udivmoddi4)
c:/st/stm32cubeide_1.11.2/stm32cubeide/plugins/com.st.stm32cube.ide.mcu.externaltools.gnu-tools-for-stm32.10.3-2021.10.win32_1.0.200.202301161003/tools/bin/../lib/gcc/arm-none-eabi/10.3.1/thumb/v7e-m+fp/hard\libgcc.a(_dvmd_tls.o)
                              c:/st/stm32cubeide_1.11.2/stm32cubeide/plugins/com.st.stm32cube.ide.mcu.externaltools.gnu-tools-for-stm32.10.3-2021.10.win32_1.0.200.202301161003/tools/bin/../lib/gcc/arm-none-eabi/10.3.1/thumb/v7e-m+fp/hard\libgcc.a(_aeabi_uldivmod.o) (__aeabi_ldiv0)

Discarded input sections

 .text          0x0000000000000000        0x0 c:/st/stm32cubeide_1.11.2/stm32cubeide/plugins/com.st.stm32cube.ide.mcu.externaltools.gnu-tools-for-stm32.10.3-2021.10.win32_1.0.200.202301161003/tools/bin/../lib/gcc/arm-none-eabi/10.3.1/thumb/v7e-m+fp/hard/crti.o
 .data          0x0000000000000000        0x0 c:/st/stm32cubeide_1.11.2/stm32cubeide/plugins/com.st.stm32cube.ide.mcu.externaltools.gnu-tools-for-stm32.10.3-2021.10.win32_1.0.200.202301161003/tools/bin/../lib/gcc/arm-none-eabi/10.3.1/thumb/v7e-m+fp/hard/crti.o
 .bss           0x0000000000000000        0x0 c:/st/stm32cubeide_1.11.2/stm32cubeide/plugins/com.st.stm32cube.ide.mcu.externaltools.gnu-tools-for-stm32.10.3-2021.10.win32_1.0.200.202301161003/tools/bin/../lib/gcc/arm-none-eabi/10.3.1/thumb/v7e-m+fp/hard/crti.o
[...]
Memory Configuration

Name             Origin             Length             Attributes
RAM              0x0000000020000000 0x0000000000020000 xrw
FLASH            0x0000000008000000 0x0000000000080000 xr
*default*        0x0000000000000000 0xffffffffffffffff

Linker script and memory map

LOAD c:/st/stm32cubeide_1.11.2/stm32cubeide/plugins/com.st.stm32cube.ide.mcu.externaltools.gnu-tools-for-stm32.10.3-2021.10.win32_1.0.200.202301161003/tools/bin/../lib/gcc/arm-none-eabi/10.3.1/thumb/v7e-m+fp/hard/crti.o
LOAD c:/st/stm32cubeide_1.11.2/stm32cubeide/plugins/com.st.stm32cube.ide.mcu.externaltools.gnu-tools-for-stm32.10.3-2021.10.win32_1.0.200.202301161003/tools/bin/../lib/gcc/arm-none-eabi/10.3.1/thumb/v7e-m+fp/hard/crtbegin.o
LOAD c:/st/stm32cubeide_1.11.2/stm32cubeide/plugins/com.st.stm32cube.ide.mcu.externaltools.gnu-tools-for-stm32.10.3-2021.10.win32_1.0.200.202301161003/tools/bin/../lib/gcc/arm-none-eabi/10.3.1/../../../../arm-none-eabi/lib/thumb/v7e-m+fp/hard/crt0.o
LOAD ./Core/Src/drive_mem_flash.o
LOAD ./Core/Src/hw_gpio.o
LOAD ./Core/Src/hw_spi.o
LOAD ./Core/Src/main.o
LOAD ./Core/Src/stm32f4xx_hal_msp.o
LOAD ./Core/Src/stm32f4xx_it.o
LOAD ./Core/Src/syscalls.o
LOAD ./Core/Src/sysmem.o
LOAD ./Core/Src/system_stm32f4xx.o
LOAD ./Core/Startup/startup_stm32f446retx.o
LOAD ./Drivers/STM32F4xx_HAL_Driver/Src/stm32f4xx_hal.o
LOAD ./Drivers/STM32F4xx_HAL_Driver/Src/stm32f4xx_hal_cortex.o
LOAD ./Drivers/STM32F4xx_HAL_Driver/Src/stm32f4xx_hal_dma.o
LOAD ./Drivers/STM32F4xx_HAL_Driver/Src/stm32f4xx_hal_dma_ex.o
LOAD ./Drivers/STM32F4xx_HAL_Driver/Src/stm32f4xx_hal_exti.o
LOAD ./Drivers/STM32F4xx_HAL_Driver/Src/stm32f4xx_hal_flash.o
LOAD ./Drivers/STM32F4xx_HAL_Driver/Src/stm32f4xx_hal_flash_ex.o
LOAD ./Drivers/STM32F4xx_HAL_Driver/Src/stm32f4xx_hal_flash_ramfunc.o
LOAD ./Drivers/STM32F4xx_HAL_Driver/Src/stm32f4xx_hal_gpio.o
LOAD ./Drivers/STM32F4xx_HAL_Driver/Src/stm32f4xx_hal_pwr.o
LOAD ./Drivers/STM32F4xx_HAL_Driver/Src/stm32f4xx_hal_pwr_ex.o
LOAD ./Drivers/STM32F4xx_HAL_Driver/Src/stm32f4xx_hal_rcc.o
LOAD ./Drivers/STM32F4xx_HAL_Driver/Src/stm32f4xx_hal_rcc_ex.o
LOAD ./Drivers/STM32F4xx_HAL_Driver/Src/stm32f4xx_hal_spi.o
START GROUP
LOAD c:/st/stm32cubeide_1.11.2/stm32cubeide/plugins/com.st.stm32cube.ide.mcu.externaltools.gnu-tools-for-stm32.10.3-2021.10.win32_1.0.200.202301161003/tools/bin/../lib/gcc/arm-none-eabi/10.3.1/../../../../arm-none-eabi/lib/thumb/v7e-m+fp/hard\libc_nano.a
LOAD c:/st/stm32cubeide_1.11.2/stm32cubeide/plugins/com.st.stm32cube.ide.mcu.externaltools.gnu-tools-for-stm32.10.3-2021.10.win32_1.0.200.202301161003/tools/bin/../lib/gcc/arm-none-eabi/10.3.1/../../../../arm-none-eabi/lib/thumb/v7e-m+fp/hard\libm.a
END GROUP
START GROUP
LOAD c:/st/stm32cubeide_1.11.2/stm32cubeide/plugins/com.st.stm32cube.ide.mcu.externaltools.gnu-tools-for-stm32.10.3-2021.10.win32_1.0.200.202301161003/tools/bin/../lib/gcc/arm-none-eabi/10.3.1/thumb/v7e-m+fp/hard\libgcc.a
LOAD c:/st/stm32cubeide_1.11.2/stm32cubeide/plugins/com.st.stm32cube.ide.mcu.externaltools.gnu-tools-for-stm32.10.3-2021.10.win32_1.0.200.202301161003/tools/bin/../lib/gcc/arm-none-eabi/10.3.1/../../../../arm-none-eabi/lib/thumb/v7e-m+fp/hard\libc_nano.a
END GROUP
START GROUP
LOAD c:/st/stm32cubeide_1.11.2/stm32cubeide/plugins/com.st.stm32cube.ide.mcu.externaltools.gnu-tools-for-stm32.10.3-2021.10.win32_1.0.200.202301161003/tools/bin/../lib/gcc/arm-none-eabi/10.3.1/thumb/v7e-m+fp/hard\libgcc.a
LOAD c:/st/stm32cubeide_1.11.2/stm32cubeide/plugins/com.st.stm32cube.ide.mcu.externaltools.gnu-tools-for-stm32.10.3-2021.10.win32_1.0.200.202301161003/tools/bin/../lib/gcc/arm-none-eabi/10.3.1/../../../../arm-none-eabi/lib/thumb/v7e-m+fp/hard\libc_nano.a
LOAD c:/st/stm32cubeide_1.11.2/stm32cubeide/plugins/com.st.stm32cube.ide.mcu.externaltools.gnu-tools-for-stm32.10.3-2021.10.win32_1.0.200.202301161003/tools/bin/../lib/gcc/arm-none-eabi/10.3.1/../../../../arm-none-eabi/lib/thumb/v7e-m+fp/hard\libnosys.a
END GROUP
START GROUP
LOAD c:/st/stm32cubeide_1.11.2/stm32cubeide/plugins/com.st.stm32cube.ide.mcu.externaltools.gnu-tools-for-stm32.10.3-2021.10.win32_1.0.200.202301161003/tools/bin/../lib/gcc/arm-none-eabi/10.3.1/thumb/v7e-m+fp/hard\libgcc.a
LOAD c:/st/stm32cubeide_1.11.2/stm32cubeide/plugins/com.st.stm32cube.ide.mcu.externaltools.gnu-tools-for-stm32.10.3-2021.10.win32_1.0.200.202301161003/tools/bin/../lib/gcc/arm-none-eabi/10.3.1/../../../../arm-none-eabi/lib/thumb/v7e-m+fp/hard\libc_nano.a
LOAD c:/st/stm32cubeide_1.11.2/stm32cubeide/plugins/com.st.stm32cube.ide.mcu.externaltools.gnu-tools-for-stm32.10.3-2021.10.win32_1.0.200.202301161003/tools/bin/../lib/gcc/arm-none-eabi/10.3.1/../../../../arm-none-eabi/lib/thumb/v7e-m+fp/hard\libnosys.a
END GROUP
LOAD c:/st/stm32cubeide_1.11.2/stm32cubeide/plugins/com.st.stm32cube.ide.mcu.externaltools.gnu-tools-for-stm32.10.3-2021.10.win32_1.0.200.202301161003/tools/bin/../lib/gcc/arm-none-eabi/10.3.1/thumb/v7e-m+fp/hard/crtend.o
LOAD c:/st/stm32cubeide_1.11.2/stm32cubeide/plugins/com.st.stm32cube.ide.mcu.externaltools.gnu-tools-for-stm32.10.3-2021.10.win32_1.0.200.202301161003/tools/bin/../lib/gcc/arm-none-eabi/10.3.1/thumb/v7e-m+fp/hard/crtn.o
                0x0000000020020000                _estack = (ORIGIN (RAM) + LENGTH (RAM))
                0x0000000000000200                _Min_Heap_Size = 0x200
                0x0000000000000400                _Min_Stack_Size = 0x400

.isr_vector     0x0000000008000000      0x1c4
                0x0000000008000000                . = ALIGN (0x4)
 *(.isr_vector)
 .isr_vector    0x0000000008000000      0x1c4 ./Core/Startup/startup_stm32f446retx.o
                0x0000000008000000                g_pfnVectors
                0x00000000080001c4                . = ALIGN (0x4)

.text           0x00000000080001c4     0x2634
                0x00000000080001c4                . = ALIGN (0x4)
 *(.text)
 .text          0x00000000080001c4       0x40 c:/st/stm32cubeide_1.11.2/stm32cubeide/plugins/com.st.stm32cube.ide.mcu.externaltools.gnu-tools-for-stm32.10.3-2021.10.win32_1.0.200.202301161003/tools/bin/../lib/gcc/arm-none-eabi/10.3.1/thumb/v7e-m+fp/hard/crtbegin.o
 .text          0x0000000008000204       0x30 c:/st/stm32cubeide_1.11.2/stm32cubeide/plugins/com.st.stm32cube.ide.mcu.externaltools.gnu-tools-for-stm32.10.3-2021.10.win32_1.0.200.202301161003/tools/bin/../lib/gcc/arm-none-eabi/10.3.1/thumb/v7e-m+fp/hard\libgcc.a(_aeabi_uldivmod.o)
                0x0000000008000204                __aeabi_uldivmod
 .text          0x0000000008000234      0x2d0 c:/st/stm32cubeide_1.11.2/stm32cubeide/plugins/com.st.stm32cube.ide.mcu.externaltools.gnu-tools-for-stm32.10.3-2021.10.win32_1.0.200.202301161003/tools/bin/../lib/gcc/arm-none-eabi/10.3.1/thumb/v7e-m+fp/hard\libgcc.a(_udivmoddi4.o)
                0x0000000008000234                __udivmoddi4
 .text          0x0000000008000504        0x4 c:/st/stm32cubeide_1.11.2/stm32cubeide/plugins/com.st.stm32cube.ide.mcu.externaltools.gnu-tools-for-stm32.10.3-2021.10.win32_1.0.200.202301161003/tools/bin/../lib/gcc/arm-none-eabi/10.3.1/thumb/v7e-m+fp/hard\libgcc.a(_dvmd_tls.o)
                0x0000000008000504                __aeabi_idiv0
                0x0000000008000504                __aeabi_ldiv0
 *(.text*)
 .text.writeEnable
                0x0000000008000508       0x46 ./Core/Src/drive_mem_flash.o
 .text.sectorErase
                0x000000000800054e       0xba ./Core/Src/drive_mem_flash.o
                0x000000000800054e                sectorErase
 .text.pageProgram
                0x0000000008000608       0xce ./Core/Src/drive_mem_flash.o
                0x0000000008000608                pageProgram
 .text.readData
                0x00000000080006d6       0x72 ./Core/Src/drive_mem_flash.o
                0x00000000080006d6                readData
 .text.hw_gpio_write_pin
                0x0000000008000748       0x24 ./Core/Src/hw_gpio.o
                0x0000000008000748                hw_gpio_write_pin
 .text.hw_spi_receive
                0x000000000800076c       0x34 ./Core/Src/hw_spi.o
                0x000000000800076c                hw_spi_receive
 .text.hw_spi_transmit
                0x00000000080007a0       0x34 ./Core/Src/hw_spi.o
                0x00000000080007a0                hw_spi_transmit
 .text.main     0x00000000080007d4       0xb4 ./Core/Src/main.o
                0x00000000080007d4                main
 .text.SystemClock_Config
                0x0000000008000888       0xc0 ./Core/Src/main.o
                0x0000000008000888                SystemClock_Config
 .text.MX_SPI1_Init
                0x0000000008000948       0x6c ./Core/Src/main.o
 .text.MX_GPIO_Init
                0x00000000080009b4       0x64 ./Core/Src/main.o
 .text.Error_Handler
                0x0000000008000a18        0xa ./Core/Src/main.o
                0x0000000008000a18                Error_Handler
 *fill*         0x0000000008000a22        0x2 
 .text.HAL_MspInit
                0x0000000008000a24       0x50 ./Core/Src/stm32f4xx_hal_msp.o
                0x0000000008000a24                HAL_MspInit
 .text.HAL_SPI_MspInit
                0x0000000008000a74       0x90 ./Core/Src/stm32f4xx_hal_msp.o
                0x0000000008000a74                HAL_SPI_MspInit
 .text.NMI_Handler
                0x0000000008000b04        0x6 ./Core/Src/stm32f4xx_it.o
                0x0000000008000b04                NMI_Handler
 .text.HardFault_Handler
                0x0000000008000b0a        0x6 ./Core/Src/stm32f4xx_it.o
                0x0000000008000b0a                HardFault_Handler
 .text.MemManage_Handler
                0x0000000008000b10        0x6 ./Core/Src/stm32f4xx_it.o
                0x0000000008000b10                MemManage_Handler
 .text.BusFault_Handler
                0x0000000008000b16        0x6 ./Core/Src/stm32f4xx_it.o
                0x0000000008000b16                BusFault_Handler
 .text.UsageFault_Handler
                0x0000000008000b1c        0x6 ./Core/Src/stm32f4xx_it.o
                0x0000000008000b1c                UsageFault_Handler
 .text.SVC_Handler
                0x0000000008000b22        0xe ./Core/Src/stm32f4xx_it.o
                0x0000000008000b22                SVC_Handler
 .text.DebugMon_Handler
                0x0000000008000b30        0xe ./Core/Src/stm32f4xx_it.o
                0x0000000008000b30                DebugMon_Handler
 .text.PendSV_Handler
                0x0000000008000b3e        0xe ./Core/Src/stm32f4xx_it.o
                0x0000000008000b3e                PendSV_Handler
 .text.SysTick_Handler
                0x0000000008000b4c        0xc ./Core/Src/stm32f4xx_it.o
                0x0000000008000b4c                SysTick_Handler
 .text.SystemInit
                0x0000000008000b58       0x24 ./Core/Src/system_stm32f4xx.o
                0x0000000008000b58                SystemInit
 .text.Reset_Handler
                0x0000000008000b7c       0x50 ./Core/Startup/startup_stm32f446retx.o
                0x0000000008000b7c                Reset_Handler
 .text.Default_Handler
                0x0000000008000bcc        0x2 ./Core/Startup/startup_stm32f446retx.o
                0x0000000008000bcc                RTC_Alarm_IRQHandler
                0x0000000008000bcc                EXTI2_IRQHandler
                0x0000000008000bcc                TIM8_CC_IRQHandler
                0x0000000008000bcc                FMPI2C1_EV_IRQHandler
                0x0000000008000bcc                SPI4_IRQHandler
                0x0000000008000bcc                TIM1_CC_IRQHandler
                0x0000000008000bcc                DMA2_Stream5_IRQHandler
                0x0000000008000bcc                DMA1_Stream5_IRQHandler
                0x0000000008000bcc                PVD_IRQHandler
                0x0000000008000bcc                SDIO_IRQHandler
                0x0000000008000bcc                TAMP_STAMP_IRQHandler
                0x0000000008000bcc                CAN2_RX1_IRQHandler
                0x0000000008000bcc                EXTI3_IRQHandler
                0x0000000008000bcc                TIM8_TRG_COM_TIM14_IRQHandler
                0x0000000008000bcc                TIM1_UP_TIM10_IRQHandler
                0x0000000008000bcc                TIM8_UP_TIM13_IRQHandler
                0x0000000008000bcc                I2C3_ER_IRQHandler
                0x0000000008000bcc                EXTI0_IRQHandler
                0x0000000008000bcc                I2C2_EV_IRQHandler
                0x0000000008000bcc                DMA1_Stream2_IRQHandler
                0x0000000008000bcc                CAN1_RX0_IRQHandler
                0x0000000008000bcc                FPU_IRQHandler
                0x0000000008000bcc                OTG_HS_WKUP_IRQHandler
                0x0000000008000bcc                CAN2_SCE_IRQHandler
                0x0000000008000bcc                DMA2_Stream2_IRQHandler
                0x0000000008000bcc                SPI1_IRQHandler
                0x0000000008000bcc                TIM6_DAC_IRQHandler
                0x0000000008000bcc                TIM1_BRK_TIM9_IRQHandler
                0x0000000008000bcc                DCMI_IRQHandler
                0x0000000008000bcc                CAN2_RX0_IRQHandler
                0x0000000008000bcc                DMA2_Stream3_IRQHandler
                0x0000000008000bcc                SAI2_IRQHandler
                0x0000000008000bcc                USART6_IRQHandler
                0x0000000008000bcc                USART3_IRQHandler
                0x0000000008000bcc                CAN1_RX1_IRQHandler
                0x0000000008000bcc                UART5_IRQHandler
                0x0000000008000bcc                DMA2_Stream0_IRQHandler
                0x0000000008000bcc                TIM4_IRQHandler
                0x0000000008000bcc                QUADSPI_IRQHandler
                0x0000000008000bcc                I2C1_EV_IRQHandler
                0x0000000008000bcc                DMA1_Stream6_IRQHandler
                0x0000000008000bcc                DMA1_Stream1_IRQHandler
                0x0000000008000bcc                UART4_IRQHandler
                0x0000000008000bcc                TIM3_IRQHandler
                0x0000000008000bcc                RCC_IRQHandler
                0x0000000008000bcc                TIM8_BRK_TIM12_IRQHandler
                0x0000000008000bcc                Default_Handler
                0x0000000008000bcc                CEC_IRQHandler
                0x0000000008000bcc                EXTI15_10_IRQHandler
                0x0000000008000bcc                ADC_IRQHandler
                0x0000000008000bcc                DMA1_Stream7_IRQHandler
                0x0000000008000bcc                TIM7_IRQHandler
                0x0000000008000bcc                CAN2_TX_IRQHandler
                0x0000000008000bcc                TIM5_IRQHandler
                0x0000000008000bcc                DMA2_Stream7_IRQHandler
                0x0000000008000bcc                I2C3_EV_IRQHandler
                0x0000000008000bcc                EXTI9_5_IRQHandler
                0x0000000008000bcc                RTC_WKUP_IRQHandler
                0x0000000008000bcc                SPDIF_RX_IRQHandler
                0x0000000008000bcc                SPI2_IRQHandler
                0x0000000008000bcc                OTG_HS_EP1_IN_IRQHandler
                0x0000000008000bcc                DMA1_Stream0_IRQHandler
                0x0000000008000bcc                CAN1_TX_IRQHandler
                0x0000000008000bcc                FMPI2C1_ER_IRQHandler
                0x0000000008000bcc                EXTI4_IRQHandler
                0x0000000008000bcc                OTG_HS_EP1_OUT_IRQHandler
                0x0000000008000bcc                WWDG_IRQHandler
                0x0000000008000bcc                TIM2_IRQHandler
                0x0000000008000bcc                OTG_FS_WKUP_IRQHandler
                0x0000000008000bcc                TIM1_TRG_COM_TIM11_IRQHandler
                0x0000000008000bcc                OTG_HS_IRQHandler
                0x0000000008000bcc                EXTI1_IRQHandler
                0x0000000008000bcc                USART2_IRQHandler
                0x0000000008000bcc                I2C2_ER_IRQHandler
                0x0000000008000bcc                DMA2_Stream1_IRQHandler
                0x0000000008000bcc                CAN1_SCE_IRQHandler
                0x0000000008000bcc                FLASH_IRQHandler
                0x0000000008000bcc                DMA2_Stream4_IRQHandler
                0x0000000008000bcc                USART1_IRQHandler
                0x0000000008000bcc                OTG_FS_IRQHandler
                0x0000000008000bcc                SPI3_IRQHandler
                0x0000000008000bcc                DMA1_Stream4_IRQHandler
                0x0000000008000bcc                I2C1_ER_IRQHandler
                0x0000000008000bcc                FMC_IRQHandler
                0x0000000008000bcc                DMA2_Stream6_IRQHandler
                0x0000000008000bcc                SAI1_IRQHandler
                0x0000000008000bcc                DMA1_Stream3_IRQHandler
 *fill*         0x0000000008000bce        0x2 
 .text.HAL_Init
                0x0000000008000bd0       0x44 ./Drivers/STM32F4xx_HAL_Driver/Src/stm32f4xx_hal.o
                0x0000000008000bd0                HAL_Init
 .text.HAL_InitTick
                0x0000000008000c14       0x60 ./Drivers/STM32F4xx_HAL_Driver/Src/stm32f4xx_hal.o
                0x0000000008000c14                HAL_InitTick
 .text.HAL_IncTick
                0x0000000008000c74       0x28 ./Drivers/STM32F4xx_HAL_Driver/Src/stm32f4xx_hal.o
                0x0000000008000c74                HAL_IncTick
 .text.HAL_GetTick
                0x0000000008000c9c       0x18 ./Drivers/STM32F4xx_HAL_Driver/Src/stm32f4xx_hal.o
                0x0000000008000c9c                HAL_GetTick
 .text.__NVIC_SetPriorityGrouping
                0x0000000008000cb4       0x48 ./Drivers/STM32F4xx_HAL_Driver/Src/stm32f4xx_hal_cortex.o
 .text.__NVIC_GetPriorityGrouping
                0x0000000008000cfc       0x1c ./Drivers/STM32F4xx_HAL_Driver/Src/stm32f4xx_hal_cortex.o
 .text.__NVIC_SetPriority
                0x0000000008000d18       0x54 ./Drivers/STM32F4xx_HAL_Driver/Src/stm32f4xx_hal_cortex.o
 .text.NVIC_EncodePriority
                0x0000000008000d6c       0x66 ./Drivers/STM32F4xx_HAL_Driver/Src/stm32f4xx_hal_cortex.o
 *fill*         0x0000000008000dd2        0x2 
 .text.SysTick_Config
                0x0000000008000dd4       0x44 ./Drivers/STM32F4xx_HAL_Driver/Src/stm32f4xx_hal_cortex.o
 .text.HAL_NVIC_SetPriorityGrouping
                0x0000000008000e18       0x16 ./Drivers/STM32F4xx_HAL_Driver/Src/stm32f4xx_hal_cortex.o
                0x0000000008000e18                HAL_NVIC_SetPriorityGrouping
 .text.HAL_NVIC_SetPriority
                0x0000000008000e2e       0x38 ./Drivers/STM32F4xx_HAL_Driver/Src/stm32f4xx_hal_cortex.o
                0x0000000008000e2e                HAL_NVIC_SetPriority
 .text.HAL_SYSTICK_Config
                0x0000000008000e66       0x18 ./Drivers/STM32F4xx_HAL_Driver/Src/stm32f4xx_hal_cortex.o
                0x0000000008000e66                HAL_SYSTICK_Config
 *fill*         0x0000000008000e7e        0x2 
 .text.HAL_GPIO_Init
                0x0000000008000e80      0x328 ./Drivers/STM32F4xx_HAL_Driver/Src/stm32f4xx_hal_gpio.o
                0x0000000008000e80                HAL_GPIO_Init
 .text.HAL_GPIO_WritePin
                0x00000000080011a8       0x32 ./Drivers/STM32F4xx_HAL_Driver/Src/stm32f4xx_hal_gpio.o
                0x00000000080011a8                HAL_GPIO_WritePin
 *fill*         0x00000000080011da        0x2 
 .text.HAL_RCC_ClockConfig
                0x00000000080011dc      0x1cc ./Drivers/STM32F4xx_HAL_Driver/Src/stm32f4xx_hal_rcc.o
                0x00000000080011dc                HAL_RCC_ClockConfig
 .text.HAL_RCC_GetSysClockFreq
                0x00000000080013a8      0x354 ./Drivers/STM32F4xx_HAL_Driver/Src/stm32f4xx_hal_rcc_ex.o
                0x00000000080013a8                HAL_RCC_GetSysClockFreq
 .text.HAL_RCC_OscConfig
                0x00000000080016fc      0x53c ./Drivers/STM32F4xx_HAL_Driver/Src/stm32f4xx_hal_rcc_ex.o
                0x00000000080016fc                HAL_RCC_OscConfig
 .text.HAL_SPI_Init
                0x0000000008001c38      0x112 ./Drivers/STM32F4xx_HAL_Driver/Src/stm32f4xx_hal_spi.o
                0x0000000008001c38                HAL_SPI_Init
 .text.HAL_SPI_Transmit
                0x0000000008001d4a      0x278 ./Drivers/STM32F4xx_HAL_Driver/Src/stm32f4xx_hal_spi.o
                0x0000000008001d4a                HAL_SPI_Transmit
 .text.HAL_SPI_Receive
                0x0000000008001fc2      0x222 ./Drivers/STM32F4xx_HAL_Driver/Src/stm32f4xx_hal_spi.o
                0x0000000008001fc2                HAL_SPI_Receive
 .text.HAL_SPI_TransmitReceive
                0x00000000080021e4      0x344 ./Drivers/STM32F4xx_HAL_Driver/Src/stm32f4xx_hal_spi.o
                0x00000000080021e4                HAL_SPI_TransmitReceive
 .text.SPI_WaitFlagStateUntilTimeout
                0x0000000008002528      0x110 ./Drivers/STM32F4xx_HAL_Driver/Src/stm32f4xx_hal_spi.o
 .text.SPI_EndRxTransaction
                0x0000000008002638       0xca ./Drivers/STM32F4xx_HAL_Driver/Src/stm32f4xx_hal_spi.o
 *fill*         0x0000000008002702        0x2 
 .text.SPI_EndRxTxTransaction
                0x0000000008002704       0x84 ./Drivers/STM32F4xx_HAL_Driver/Src/stm32f4xx_hal_spi.o
 .text.__libc_init_array
                0x0000000008002788       0x48 c:/st/stm32cubeide_1.11.2/stm32cubeide/plugins/com.st.stm32cube.ide.mcu.externaltools.gnu-tools-for-stm32.10.3-2021.10.win32_1.0.200.202301161003/tools/bin/../lib/gcc/arm-none-eabi/10.3.1/../../../../arm-none-eabi/lib/thumb/v7e-m+fp/hard\libc_nano.a(lib_a-init.o)
                0x0000000008002788                __libc_init_array
 .text.memset   0x00000000080027d0       0x10 c:/st/stm32cubeide_1.11.2/stm32cubeide/plugins/com.st.stm32cube.ide.mcu.externaltools.gnu-tools-for-stm32.10.3-2021.10.win32_1.0.200.202301161003/tools/bin/../lib/gcc/arm-none-eabi/10.3.1/../../../../arm-none-eabi/lib/thumb/v7e-m+fp/hard\libc_nano.a(lib_a-memset.o)
                0x00000000080027d0                memset
 *(.glue_7)
 .glue_7        0x00000000080027e0        0x0 linker stubs
 *(.glue_7t)
 .glue_7t       0x00000000080027e0        0x0 linker stubs
 *(.eh_frame)
 .eh_frame      0x00000000080027e0        0x0 c:/st/stm32cubeide_1.11.2/stm32cubeide/plugins/com.st.stm32cube.ide.mcu.externaltools.gnu-tools-for-stm32.10.3-2021.10.win32_1.0.200.202301161003/tools/bin/../lib/gcc/arm-none-eabi/10.3.1/thumb/v7e-m+fp/hard/crtbegin.o
 *(.init)
 .init          0x00000000080027e0        0x4 c:/st/stm32cubeide_1.11.2/stm32cubeide/plugins/com.st.stm32cube.ide.mcu.externaltools.gnu-tools-for-stm32.10.3-2021.10.win32_1.0.200.202301161003/tools/bin/../lib/gcc/arm-none-eabi/10.3.1/thumb/v7e-m+fp/hard/crti.o
                0x00000000080027e0                _init
 .init          0x00000000080027e4        0x8 c:/st/stm32cubeide_1.11.2/stm32cubeide/plugins/com.st.stm32cube.ide.mcu.externaltools.gnu-tools-for-stm32.10.3-2021.10.win32_1.0.200.202301161003/tools/bin/../lib/gcc/arm-none-eabi/10.3.1/thumb/v7e-m+fp/hard/crtn.o
 *(.fini)
 .fini          0x00000000080027ec        0x4 c:/st/stm32cubeide_1.11.2/stm32cubeide/plugins/com.st.stm32cube.ide.mcu.externaltools.gnu-tools-for-stm32.10.3-2021.10.win32_1.0.200.202301161003/tools/bin/../lib/gcc/arm-none-eabi/10.3.1/thumb/v7e-m+fp/hard/crti.o
                0x00000000080027ec                _fini
 .fini          0x00000000080027f0        0x8 c:/st/stm32cubeide_1.11.2/stm32cubeide/plugins/com.st.stm32cube.ide.mcu.externaltools.gnu-tools-for-stm32.10.3-2021.10.win32_1.0.200.202301161003/tools/bin/../lib/gcc/arm-none-eabi/10.3.1/thumb/v7e-m+fp/hard/crtn.o
                0x00000000080027f8                . = ALIGN (0x4)
                0x00000000080027f8                _etext = .

.vfp11_veneer   0x00000000080027f8        0x0
 .vfp11_veneer  0x00000000080027f8        0x0 linker stubs

.v4_bx          0x00000000080027f8        0x0
 .v4_bx         0x00000000080027f8        0x0 linker stubs

.iplt           0x00000000080027f8        0x0
 .iplt          0x00000000080027f8        0x0 c:/st/stm32cubeide_1.11.2/stm32cubeide/plugins/com.st.stm32cube.ide.mcu.externaltools.gnu-tools-for-stm32.10.3-2021.10.win32_1.0.200.202301161003/tools/bin/../lib/gcc/arm-none-eabi/10.3.1/thumb/v7e-m+fp/hard/crtbegin.o

.rodata         0x00000000080027f8       0x1c
                0x00000000080027f8                . = ALIGN (0x4)
 *(.rodata)
 .rodata        0x00000000080027f8        0xc ./Core/Src/main.o
 *(.rodata*)
 .rodata.AHBPrescTable
                0x0000000008002804       0x10 ./Core/Src/system_stm32f4xx.o
                0x0000000008002804                AHBPrescTable
                0x0000000008002814                . = ALIGN (0x4)

.ARM.extab      0x0000000008002814        0x0
                0x0000000008002814                . = ALIGN (0x4)
 *(.ARM.extab* .gnu.linkonce.armextab.*)
                0x0000000008002814                . = ALIGN (0x4)

.ARM            0x0000000008002814        0x8
                0x0000000008002814                . = ALIGN (0x4)
                0x0000000008002814                __exidx_start = .
 *(.ARM.exidx*)
 .ARM.exidx     0x0000000008002814        0x8 c:/st/stm32cubeide_1.11.2/stm32cubeide/plugins/com.st.stm32cube.ide.mcu.externaltools.gnu-tools-for-stm32.10.3-2021.10.win32_1.0.200.202301161003/tools/bin/../lib/gcc/arm-none-eabi/10.3.1/thumb/v7e-m+fp/hard\libgcc.a(_udivmoddi4.o)
                0x000000000800281c                __exidx_end = .
                0x000000000800281c                . = ALIGN (0x4)

.rel.dyn        0x000000000800281c        0x0
 .rel.iplt      0x000000000800281c        0x0 c:/st/stm32cubeide_1.11.2/stm32cubeide/plugins/com.st.stm32cube.ide.mcu.externaltools.gnu-tools-for-stm32.10.3-2021.10.win32_1.0.200.202301161003/tools/bin/../lib/gcc/arm-none-eabi/10.3.1/thumb/v7e-m+fp/hard/crtbegin.o

.preinit_array  0x000000000800281c        0x0
                0x000000000800281c                . = ALIGN (0x4)
                0x000000000800281c                PROVIDE (__preinit_array_start = .)
 *(.preinit_array*)
                0x000000000800281c                PROVIDE (__preinit_array_end = .)
                0x000000000800281c                . = ALIGN (0x4)

.init_array     0x000000000800281c        0x4
                0x000000000800281c                . = ALIGN (0x4)
                0x000000000800281c                PROVIDE (__init_array_start = .)
 *(SORT_BY_NAME(.init_array.*))
 *(.init_array*)
 .init_array    0x000000000800281c        0x4 c:/st/stm32cubeide_1.11.2/stm32cubeide/plugins/com.st.stm32cube.ide.mcu.externaltools.gnu-tools-for-stm32.10.3-2021.10.win32_1.0.200.202301161003/tools/bin/../lib/gcc/arm-none-eabi/10.3.1/thumb/v7e-m+fp/hard/crtbegin.o
                0x0000000008002820                PROVIDE (__init_array_end = .)
                0x0000000008002820                . = ALIGN (0x4)

.fini_array     0x0000000008002820        0x4
                0x0000000008002820                . = ALIGN (0x4)
                [!provide]                        PROVIDE (__fini_array_start = .)
 *(SORT_BY_NAME(.fini_array.*))
 *(.fini_array*)
 .fini_array    0x0000000008002820        0x4 c:/st/stm32cubeide_1.11.2/stm32cubeide/plugins/com.st.stm32cube.ide.mcu.externaltools.gnu-tools-for-stm32.10.3-2021.10.win32_1.0.200.202301161003/tools/bin/../lib/gcc/arm-none-eabi/10.3.1/thumb/v7e-m+fp/hard/crtbegin.o
                [!provide]                        PROVIDE (__fini_array_end = .)
                0x0000000008002824                . = ALIGN (0x4)
                0x0000000008002824                _sidata = LOADADDR (.data)

.data           0x0000000020000000        0xc load address 0x0000000008002824
                0x0000000020000000                . = ALIGN (0x4)
                0x0000000020000000                _sdata = .
 *(.data)
 *(.data*)
 .data.SystemCoreClock
                0x0000000020000000        0x4 ./Core/Src/system_stm32f4xx.o
                0x0000000020000000                SystemCoreClock
 .data.uwTickPrio
                0x0000000020000004        0x4 ./Drivers/STM32F4xx_HAL_Driver/Src/stm32f4xx_hal.o
                0x0000000020000004                uwTickPrio
 .data.uwTickFreq
                0x0000000020000008        0x1 ./Drivers/STM32F4xx_HAL_Driver/Src/stm32f4xx_hal.o
                0x0000000020000008                uwTickFreq
 *(.RamFunc)
 *(.RamFunc*)
                0x000000002000000c                . = ALIGN (0x4)
 *fill*         0x0000000020000009        0x3 
                0x000000002000000c                _edata = .

.igot.plt       0x000000002000000c        0x0 load address 0x0000000008002830
 .igot.plt      0x000000002000000c        0x0 c:/st/stm32cubeide_1.11.2/stm32cubeide/plugins/com.st.stm32cube.ide.mcu.externaltools.gnu-tools-for-stm32.10.3-2021.10.win32_1.0.200.202301161003/tools/bin/../lib/gcc/arm-none-eabi/10.3.1/thumb/v7e-m+fp/hard/crtbegin.o
                0x000000002000000c                . = ALIGN (0x4)

.bss            0x000000002000000c       0x78 load address 0x0000000008002830
                0x000000002000000c                _sbss = .
                0x000000002000000c                __bss_start__ = _sbss
 *(.bss)
 .bss           0x000000002000000c       0x1c c:/st/stm32cubeide_1.11.2/stm32cubeide/plugins/com.st.stm32cube.ide.mcu.externaltools.gnu-tools-for-stm32.10.3-2021.10.win32_1.0.200.202301161003/tools/bin/../lib/gcc/arm-none-eabi/10.3.1/thumb/v7e-m+fp/hard/crtbegin.o
 *(.bss*)
 .bss.hspi1     0x0000000020000028       0x58 ./Core/Src/main.o
                0x0000000020000028                hspi1
 .bss.uwTick    0x0000000020000080        0x4 ./Drivers/STM32F4xx_HAL_Driver/Src/stm32f4xx_hal.o
                0x0000000020000080                uwTick
 *(COMMON)
                0x0000000020000084                . = ALIGN (0x4)
                0x0000000020000084                _ebss = .
                0x0000000020000084                __bss_end__ = _ebss

._user_heap_stack
                0x0000000020000084      0x604 load address 0x0000000008002830
                0x0000000020000088                . = ALIGN (0x8)
 *fill*         0x0000000020000084        0x4 
                [!provide]                        PROVIDE (end = .)
                0x0000000020000088                PROVIDE (_end = .)
                0x0000000020000288                . = (. + _Min_Heap_Size)
 *fill*         0x0000000020000088      0x200 
                0x0000000020000688                . = (. + _Min_Stack_Size)
 *fill*         0x0000000020000288      0x400 
                0x0000000020000688                . = ALIGN (0x8)

/DISCARD/
 libc.a(*)
 libm.a(*)
 libgcc.a(*)

.ARM.attributes
                0x0000000000000000       0x30
 *(.ARM.attributes)
 .ARM.attributes
                0x0000000000000000       0x1e c:/st/stm32cubeide_1.11.2/stm32cubeide/plugins/com.st.stm32cube.ide.mcu.externaltools.gnu-tools-for-stm32.10.3-2021.10.win32_1.0.200.202301161003/tools/bin/../lib/gcc/arm-none-eabi/10.3.1/thumb/v7e-m+fp/hard/crti.o
 .ARM.attributes
                0x000000000000001e       0x34 c:/st/stm32cubeide_1.11.2/stm32cubeide/plugins/com.st.stm32cube.ide.mcu.externaltools.gnu-tools-for-stm32.10.3-2021.10.win32_1.0.200.202301161003/tools/bin/../lib/gcc/arm-none-eabi/10.3.1/thumb/v7e-m+fp/hard/crtbegin.o
 .ARM.attributes
                0x0000000000000052       0x34 ./Core/Src/drive_mem_flash.o
 .ARM.attributes
                0x0000000000000086       0x34 ./Core/Src/hw_gpio.o
 .ARM.attributes
                0x00000000000000ba       0x34 ./Core/Src/hw_spi.o
 .ARM.attributes
                0x00000000000000ee       0x34 ./Core/Src/main.o
 .ARM.attributes
                0x0000000000000122       0x34 ./Core/Src/stm32f4xx_hal_msp.o
 .ARM.attributes
                0x0000000000000156       0x34 ./Core/Src/stm32f4xx_it.o
 .ARM.attributes
                0x000000000000018a       0x34 ./Core/Src/system_stm32f4xx.o
 .ARM.attributes
                0x00000000000001be       0x21 ./Core/Startup/startup_stm32f446retx.o
 .ARM.attributes
                0x00000000000001df       0x34 ./Drivers/STM32F4xx_HAL_Driver/Src/stm32f4xx_hal.o
 .ARM.attributes
                0x0000000000000213       0x34 ./Drivers/STM32F4xx_HAL_Driver/Src/stm32f4xx_hal_cortex.o
 .ARM.attributes
                0x0000000000000247       0x34 ./Drivers/STM32F4xx_HAL_Driver/Src/stm32f4xx_hal_gpio.o
 .ARM.attributes
                0x000000000000027b       0x34 ./Drivers/STM32F4xx_HAL_Driver/Src/stm32f4xx_hal_rcc.o
 .ARM.attributes
                0x00000000000002af       0x34 ./Drivers/STM32F4xx_HAL_Driver/Src/stm32f4xx_hal_rcc_ex.o
 .ARM.attributes
                0x00000000000002e3       0x34 ./Drivers/STM32F4xx_HAL_Driver/Src/stm32f4xx_hal_spi.o
 .ARM.attributes
                0x0000000000000317       0x34 c:/st/stm32cubeide_1.11.2/stm32cubeide/plugins/com.st.stm32cube.ide.mcu.externaltools.gnu-tools-for-stm32.10.3-2021.10.win32_1.0.200.202301161003/tools/bin/../lib/gcc/arm-none-eabi/10.3.1/../../../../arm-none-eabi/lib/thumb/v7e-m+fp/hard\libc_nano.a(lib_a-init.o)
 .ARM.attributes
                0x000000000000034b       0x34 c:/st/stm32cubeide_1.11.2/stm32cubeide/plugins/com.st.stm32cube.ide.mcu.externaltools.gnu-tools-for-stm32.10.3-2021.10.win32_1.0.200.202301161003/tools/bin/../lib/gcc/arm-none-eabi/10.3.1/../../../../arm-none-eabi/lib/thumb/v7e-m+fp/hard\libc_nano.a(lib_a-memset.o)
 .ARM.attributes
                0x000000000000037f       0x1e c:/st/stm32cubeide_1.11.2/stm32cubeide/plugins/com.st.stm32cube.ide.mcu.externaltools.gnu-tools-for-stm32.10.3-2021.10.win32_1.0.200.202301161003/tools/bin/../lib/gcc/arm-none-eabi/10.3.1/thumb/v7e-m+fp/hard\libgcc.a(_aeabi_uldivmod.o)
 .ARM.attributes
                0x000000000000039d       0x34 c:/st/stm32cubeide_1.11.2/stm32cubeide/plugins/com.st.stm32cube.ide.mcu.externaltools.gnu-tools-for-stm32.10.3-2021.10.win32_1.0.200.202301161003/tools/bin/../lib/gcc/arm-none-eabi/10.3.1/thumb/v7e-m+fp/hard\libgcc.a(_udivmoddi4.o)
 .ARM.attributes
                0x00000000000003d1       0x1e c:/st/stm32cubeide_1.11.2/stm32cubeide/plugins/com.st.stm32cube.ide.mcu.externaltools.gnu-tools-for-stm32.10.3-2021.10.win32_1.0.200.202301161003/tools/bin/../lib/gcc/arm-none-eabi/10.3.1/thumb/v7e-m+fp/hard\libgcc.a(_dvmd_tls.o)
 .ARM.attributes
                0x00000000000003ef       0x1e c:/st/stm32cubeide_1.11.2/stm32cubeide/plugins/com.st.stm32cube.ide.mcu.externaltools.gnu-tools-for-stm32.10.3-2021.10.win32_1.0.200.202301161003/tools/bin/../lib/gcc/arm-none-eabi/10.3.1/thumb/v7e-m+fp/hard/crtn.o
OUTPUT(projeto_mem_flash_teste_3.elf elf32-littlearm)
LOAD linker stubs
LOAD c:/st/stm32cubeide_1.11.2/stm32cubeide/plugins/com.st.stm32cube.ide.mcu.externaltools.gnu-tools-for-stm32.10.3-2021.10.win32_1.0.200.202301161003/tools/bin/../lib/gcc/arm-none-eabi/10.3.1/../../../../arm-none-eabi/lib/thumb/v7e-m+fp/hard\libc.a
LOAD c:/st/stm32cubeide_1.11.2/stm32cubeide/plugins/com.st.stm32cube.ide.mcu.externaltools.gnu-tools-for-stm32.10.3-2021.10.win32_1.0.200.202301161003/tools/bin/../lib/gcc/arm-none-eabi/10.3.1/../../../../arm-none-eabi/lib/thumb/v7e-m+fp/hard\libm.a
LOAD c:/st/stm32cubeide_1.11.2/stm32cubeide/plugins/com.st.stm32cube.ide.mcu.externaltools.gnu-tools-for-stm32.10.3-2021.10.win32_1.0.200.202301161003/tools/bin/../lib/gcc/arm-none-eabi/10.3.1/thumb/v7e-m+fp/hard\libgcc.a

.debug_info     0x0000000000000000     0x7580
 .debug_info    0x0000000000000000      0x3b1 ./Core/Src/drive_mem_flash.o
 .debug_info    0x00000000000003b1      0x1e2 ./Core/Src/hw_gpio.o
 .debug_info    0x0000000000000593      0x743 ./Core/Src/hw_spi.o
 .debug_info    0x0000000000000cd6      0xd66 ./Core/Src/main.o
 .debug_info    0x0000000000001a3c      0x9ee ./Core/Src/stm32f4xx_hal_msp.o
 .debug_info    0x000000000000242a      0x121 ./Core/Src/stm32f4xx_it.o
 .debug_info    0x000000000000254b      0x55b ./Core/Src/system_stm32f4xx.o
 .debug_info    0x0000000000002aa6       0x22 ./Core/Startup/startup_stm32f446retx.o
 .debug_info    0x0000000000002ac8      0x9d2 ./Drivers/STM32F4xx_HAL_Driver/Src/stm32f4xx_hal.o
 .debug_info    0x000000000000349a      0xe39 ./Drivers/STM32F4xx_HAL_Driver/Src/stm32f4xx_hal_cortex.o
 .debug_info    0x00000000000042d3      0x7be ./Drivers/STM32F4xx_HAL_Driver/Src/stm32f4xx_hal_gpio.o
 .debug_info    0x0000000000004a91      0x9ab ./Drivers/STM32F4xx_HAL_Driver/Src/stm32f4xx_hal_rcc.o
 .debug_info    0x000000000000543c      0x9ec ./Drivers/STM32F4xx_HAL_Driver/Src/stm32f4xx_hal_rcc_ex.o
 .debug_info    0x0000000000005e28     0x1758 ./Drivers/STM32F4xx_HAL_Driver/Src/stm32f4xx_hal_spi.o

.debug_abbrev   0x0000000000000000     0x173f
 .debug_abbrev  0x0000000000000000      0x152 ./Core/Src/drive_mem_flash.o
 .debug_abbrev  0x0000000000000152      0x108 ./Core/Src/hw_gpio.o
 .debug_abbrev  0x000000000000025a      0x174 ./Core/Src/hw_spi.o
 .debug_abbrev  0x00000000000003ce      0x247 ./Core/Src/main.o
 .debug_abbrev  0x0000000000000615      0x194 ./Core/Src/stm32f4xx_hal_msp.o
 .debug_abbrev  0x00000000000007a9       0x74 ./Core/Src/stm32f4xx_it.o
 .debug_abbrev  0x000000000000081d      0x116 ./Core/Src/system_stm32f4xx.o
 .debug_abbrev  0x0000000000000933       0x12 ./Core/Startup/startup_stm32f446retx.o
 .debug_abbrev  0x0000000000000945      0x20d ./Drivers/STM32F4xx_HAL_Driver/Src/stm32f4xx_hal.o
 .debug_abbrev  0x0000000000000b52      0x316 ./Drivers/STM32F4xx_HAL_Driver/Src/stm32f4xx_hal_cortex.o
 .debug_abbrev  0x0000000000000e68      0x1c4 ./Drivers/STM32F4xx_HAL_Driver/Src/stm32f4xx_hal_gpio.o
 .debug_abbrev  0x000000000000102c      0x2aa ./Drivers/STM32F4xx_HAL_Driver/Src/stm32f4xx_hal_rcc.o
 .debug_abbrev  0x00000000000012d6      0x1fb ./Drivers/STM32F4xx_HAL_Driver/Src/stm32f4xx_hal_rcc_ex.o
 .debug_abbrev  0x00000000000014d1      0x26e ./Drivers/STM32F4xx_HAL_Driver/Src/stm32f4xx_hal_spi.o

.debug_aranges  0x0000000000000000      0x6d8
 .debug_aranges
                0x0000000000000000       0x40 ./Core/Src/drive_mem_flash.o
 .debug_aranges
                0x0000000000000040       0x20 ./Core/Src/hw_gpio.o
 .debug_aranges
                0x0000000000000060       0x28 ./Core/Src/hw_spi.o
 .debug_aranges
                0x0000000000000088       0x40 ./Core/Src/main.o
 .debug_aranges
                0x00000000000000c8       0x30 ./Core/Src/stm32f4xx_hal_msp.o
 .debug_aranges
                0x00000000000000f8       0x60 ./Core/Src/stm32f4xx_it.o
 .debug_aranges
                0x0000000000000158       0x28 ./Core/Src/system_stm32f4xx.o
 .debug_aranges
                0x0000000000000180       0x28 ./Core/Startup/startup_stm32f446retx.o
 .debug_aranges
                0x00000000000001a8       0xf0 ./Drivers/STM32F4xx_HAL_Driver/Src/stm32f4xx_hal.o
 .debug_aranges
                0x0000000000000298      0x118 ./Drivers/STM32F4xx_HAL_Driver/Src/stm32f4xx_hal_cortex.o
 .debug_aranges
                0x00000000000003b0       0x58 ./Drivers/STM32F4xx_HAL_Driver/Src/stm32f4xx_hal_gpio.o
 .debug_aranges
                0x0000000000000408       0x88 ./Drivers/STM32F4xx_HAL_Driver/Src/stm32f4xx_hal_rcc.o
 .debug_aranges
                0x0000000000000490       0x78 ./Drivers/STM32F4xx_HAL_Driver/Src/stm32f4xx_hal_rcc_ex.o
 .debug_aranges
                0x0000000000000508      0x1d0 ./Drivers/STM32F4xx_HAL_Driver/Src/stm32f4xx_hal_spi.o

.debug_ranges   0x0000000000000000      0x600
 .debug_ranges  0x0000000000000000       0x30 ./Core/Src/drive_mem_flash.o
 .debug_ranges  0x0000000000000030       0x10 ./Core/Src/hw_gpio.o
 .debug_ranges  0x0000000000000040       0x18 ./Core/Src/hw_spi.o
 .debug_ranges  0x0000000000000058       0x30 ./Core/Src/main.o
 .debug_ranges  0x0000000000000088       0x20 ./Core/Src/stm32f4xx_hal_msp.o
 .debug_ranges  0x00000000000000a8       0x50 ./Core/Src/stm32f4xx_it.o
 .debug_ranges  0x00000000000000f8       0x18 ./Core/Src/system_stm32f4xx.o
 .debug_ranges  0x0000000000000110       0x20 ./Core/Startup/startup_stm32f446retx.o
 .debug_ranges  0x0000000000000130       0xe0 ./Drivers/STM32F4xx_HAL_Driver/Src/stm32f4xx_hal.o
 .debug_ranges  0x0000000000000210      0x108 ./Drivers/STM32F4xx_HAL_Driver/Src/stm32f4xx_hal_cortex.o
 .debug_ranges  0x0000000000000318       0x48 ./Drivers/STM32F4xx_HAL_Driver/Src/stm32f4xx_hal_gpio.o
 .debug_ranges  0x0000000000000360       0x78 ./Drivers/STM32F4xx_HAL_Driver/Src/stm32f4xx_hal_rcc.o
 .debug_ranges  0x00000000000003d8       0x68 ./Drivers/STM32F4xx_HAL_Driver/Src/stm32f4xx_hal_rcc_ex.o
 .debug_ranges  0x0000000000000440      0x1c0 ./Drivers/STM32F4xx_HAL_Driver/Src/stm32f4xx_hal_spi.o

.debug_macro    0x0000000000000000    0x2063b
 .debug_macro   0x0000000000000000      0x212 ./Core/Src/drive_mem_flash.o
 .debug_macro   0x0000000000000212      0xa78 ./Core/Src/drive_mem_flash.o
 .debug_macro   0x0000000000000c8a       0x22 ./Core/Src/drive_mem_flash.o
 .debug_macro   0x0000000000000cac       0x8e ./Core/Src/drive_mem_flash.o
 .debug_macro   0x0000000000000d3a       0x51 ./Core/Src/drive_mem_flash.o
 .debug_macro   0x0000000000000d8b      0x103 ./Core/Src/drive_mem_flash.o
 .debug_macro   0x0000000000000e8e       0x6a ./Core/Src/drive_mem_flash.o
 .debug_macro   0x0000000000000ef8      0x1df ./Core/Src/drive_mem_flash.o
 .debug_macro   0x00000000000010d7      0x295 ./Core/Src/drive_mem_flash.o
 .debug_macro   0x000000000000136c       0x2e ./Core/Src/drive_mem_flash.o
 .debug_macro   0x000000000000139a       0x28 ./Core/Src/drive_mem_flash.o
 .debug_macro   0x00000000000013c2       0x1c ./Core/Src/drive_mem_flash.o
 .debug_macro   0x00000000000013de       0x22 ./Core/Src/drive_mem_flash.o
 .debug_macro   0x0000000000001400       0xd9 ./Core/Src/drive_mem_flash.o
 .debug_macro   0x00000000000014d9     0x102d ./Core/Src/drive_mem_flash.o
 .debug_macro   0x0000000000002506      0x11f ./Core/Src/drive_mem_flash.o
 .debug_macro   0x0000000000002625    0x16749 ./Core/Src/drive_mem_flash.o
 .debug_macro   0x0000000000018d6e       0x6d ./Core/Src/drive_mem_flash.o
 .debug_macro   0x0000000000018ddb     0x367e ./Core/Src/drive_mem_flash.o
 .debug_macro   0x000000000001c459      0x174 ./Core/Src/drive_mem_flash.o
 .debug_macro   0x000000000001c5cd       0x5c ./Core/Src/drive_mem_flash.o
 .debug_macro   0x000000000001c629      0xc90 ./Core/Src/drive_mem_flash.o
 .debug_macro   0x000000000001d2b9      0x9fe ./Core/Src/drive_mem_flash.o
 .debug_macro   0x000000000001dcb7      0x115 ./Core/Src/drive_mem_flash.o
 .debug_macro   0x000000000001ddcc      0x1a0 ./Core/Src/drive_mem_flash.o
 .debug_macro   0x000000000001df6c       0xa5 ./Core/Src/drive_mem_flash.o
 .debug_macro   0x000000000001e011      0x16d ./Core/Src/drive_mem_flash.o
 .debug_macro   0x000000000001e17e      0x287 ./Core/Src/drive_mem_flash.o
 .debug_macro   0x000000000001e405       0x5f ./Core/Src/drive_mem_flash.o
 .debug_macro   0x000000000001e464      0x236 ./Core/Src/drive_mem_flash.o
 .debug_macro   0x000000000001e69a      0x132 ./Core/Src/drive_mem_flash.o
 .debug_macro   0x000000000001e7cc      0x29c ./Core/Src/drive_mem_flash.o
 .debug_macro   0x000000000001ea68       0x2e ./Core/Src/drive_mem_flash.o
 .debug_macro   0x000000000001ea96      0x11a ./Core/Src/drive_mem_flash.o
 .debug_macro   0x000000000001ebb0       0xe8 ./Core/Src/drive_mem_flash.o
 .debug_macro   0x000000000001ec98       0x89 ./Core/Src/drive_mem_flash.o
 .debug_macro   0x000000000001ed21      0x225 ./Core/Src/drive_mem_flash.o
 .debug_macro   0x000000000001ef46      0x126 ./Core/Src/drive_mem_flash.o
 .debug_macro   0x000000000001f06c      0x1ce ./Core/Src/hw_gpio.o
 .debug_macro   0x000000000001f23a      0x1ce ./Core/Src/hw_spi.o
 .debug_macro   0x000000000001f408      0x1f2 ./Core/Src/main.o
 .debug_macro   0x000000000001f5fa      0x1c4 ./Core/Src/stm32f4xx_hal_msp.o
 .debug_macro   0x000000000001f7be      0x1ce ./Core/Src/stm32f4xx_it.o
 .debug_macro   0x000000000001f98c      0x1ba ./Core/Src/system_stm32f4xx.o
 .debug_macro   0x000000000001fb46      0x21a ./Drivers/STM32F4xx_HAL_Driver/Src/stm32f4xx_hal.o
 .debug_macro   0x000000000001fd60      0x1ba ./Drivers/STM32F4xx_HAL_Driver/Src/stm32f4xx_hal_cortex.o
 .debug_macro   0x000000000001ff1a      0x1c0 ./Drivers/STM32F4xx_HAL_Driver/Src/stm32f4xx_hal_gpio.o
 .debug_macro   0x00000000000200da      0x1de ./Drivers/STM32F4xx_HAL_Driver/Src/stm32f4xx_hal_rcc.o
 .debug_macro   0x00000000000202b8      0x1ba ./Drivers/STM32F4xx_HAL_Driver/Src/stm32f4xx_hal_rcc_ex.o
 .debug_macro   0x0000000000020472      0x1c9 ./Drivers/STM32F4xx_HAL_Driver/Src/stm32f4xx_hal_spi.o

.debug_line     0x0000000000000000     0x8fe6
 .debug_line    0x0000000000000000      0x7cb ./Core/Src/drive_mem_flash.o
 .debug_line    0x00000000000007cb      0x69b ./Core/Src/hw_gpio.o
 .debug_line    0x0000000000000e66      0x6c8 ./Core/Src/hw_spi.o
 .debug_line    0x000000000000152e      0x7e6 ./Core/Src/main.o
 .debug_line    0x0000000000001d14      0x6de ./Core/Src/stm32f4xx_hal_msp.o
 .debug_line    0x00000000000023f2      0x754 ./Core/Src/stm32f4xx_it.o
 .debug_line    0x0000000000002b46      0x713 ./Core/Src/system_stm32f4xx.o
 .debug_line    0x0000000000003259       0x88 ./Core/Startup/startup_stm32f446retx.o
 .debug_line    0x00000000000032e1      0x979 ./Drivers/STM32F4xx_HAL_Driver/Src/stm32f4xx_hal.o
 .debug_line    0x0000000000003c5a      0xc28 ./Drivers/STM32F4xx_HAL_Driver/Src/stm32f4xx_hal_cortex.o
 .debug_line    0x0000000000004882      0xad9 ./Drivers/STM32F4xx_HAL_Driver/Src/stm32f4xx_hal_gpio.o
 .debug_line    0x000000000000535b      0xcff ./Drivers/STM32F4xx_HAL_Driver/Src/stm32f4xx_hal_rcc.o
 .debug_line    0x000000000000605a     0x1389 ./Drivers/STM32F4xx_HAL_Driver/Src/stm32f4xx_hal_rcc_ex.o
 .debug_line    0x00000000000073e3     0x1c03 ./Drivers/STM32F4xx_HAL_Driver/Src/stm32f4xx_hal_spi.o

.debug_str      0x0000000000000000    0xc3b52
 .debug_str     0x0000000000000000    0xc1681 ./Core/Src/drive_mem_flash.o
                                      0xc190b (size before relaxing)
 .debug_str     0x00000000000c1681       0x84 ./Core/Src/hw_gpio.o
                                      0xc172f (size before relaxing)
 .debug_str     0x00000000000c1705      0x44a ./Core/Src/hw_spi.o
                                      0xc1b89 (size before relaxing)
 .debug_str     0x00000000000c1b4f      0x35a ./Core/Src/main.o
                                      0xc1f6b (size before relaxing)
 .debug_str     0x00000000000c1ea9       0x5e ./Core/Src/stm32f4xx_hal_msp.o
                                      0xc1ca0 (size before relaxing)
 .debug_str     0x00000000000c1f07       0xc9 ./Core/Src/stm32f4xx_it.o
                                      0xc1706 (size before relaxing)
 .debug_str     0x00000000000c1fd0       0xdb ./Core/Src/system_stm32f4xx.o
                                      0xc1855 (size before relaxing)
 .debug_str     0x00000000000c20ab       0x36 ./Core/Startup/startup_stm32f446retx.o
                                         0x83 (size before relaxing)
 .debug_str     0x00000000000c20e1      0xb2e ./Drivers/STM32F4xx_HAL_Driver/Src/stm32f4xx_hal.o
                                      0xc241a (size before relaxing)
 .debug_str     0x00000000000c2c0f      0x354 ./Drivers/STM32F4xx_HAL_Driver/Src/stm32f4xx_hal_cortex.o
                                      0xc2128 (size before relaxing)
 .debug_str     0x00000000000c2f63      0x121 ./Drivers/STM32F4xx_HAL_Driver/Src/stm32f4xx_hal_gpio.o
                                      0xc19d0 (size before relaxing)
 .debug_str     0x00000000000c3084      0x233 ./Drivers/STM32F4xx_HAL_Driver/Src/stm32f4xx_hal_rcc.o
                                      0xc1c8e (size before relaxing)
 .debug_str     0x00000000000c32b7      0x324 ./Drivers/STM32F4xx_HAL_Driver/Src/stm32f4xx_hal_rcc_ex.o
                                      0xc1cc1 (size before relaxing)
 .debug_str     0x00000000000c35db      0x577 ./Drivers/STM32F4xx_HAL_Driver/Src/stm32f4xx_hal_spi.o
                                      0xc20f4 (size before relaxing)

.comment        0x0000000000000000       0x50
 .comment       0x0000000000000000       0x50 ./Core/Src/drive_mem_flash.o
                                         0x51 (size before relaxing)
 .comment       0x0000000000000050       0x51 ./Core/Src/hw_gpio.o
 .comment       0x0000000000000050       0x51 ./Core/Src/hw_spi.o
 .comment       0x0000000000000050       0x51 ./Core/Src/main.o
 .comment       0x0000000000000050       0x51 ./Core/Src/stm32f4xx_hal_msp.o
 .comment       0x0000000000000050       0x51 ./Core/Src/stm32f4xx_it.o
 .comment       0x0000000000000050       0x51 ./Core/Src/system_stm32f4xx.o
 .comment       0x0000000000000050       0x51 ./Drivers/STM32F4xx_HAL_Driver/Src/stm32f4xx_hal.o
 .comment       0x0000000000000050       0x51 ./Drivers/STM32F4xx_HAL_Driver/Src/stm32f4xx_hal_cortex.o
 .comment       0x0000000000000050       0x51 ./Drivers/STM32F4xx_HAL_Driver/Src/stm32f4xx_hal_gpio.o
 .comment       0x0000000000000050       0x51 ./Drivers/STM32F4xx_HAL_Driver/Src/stm32f4xx_hal_rcc.o
 .comment       0x0000000000000050       0x51 ./Drivers/STM32F4xx_HAL_Driver/Src/stm32f4xx_hal_rcc_ex.o
 .comment       0x0000000000000050       0x51 ./Drivers/STM32F4xx_HAL_Driver/Src/stm32f4xx_hal_spi.o

.debug_frame    0x0000000000000000     0x19dc
 .debug_frame   0x0000000000000000       0xc4 ./Core/Src/drive_mem_flash.o
 .debug_frame   0x00000000000000c4       0x34 ./Core/Src/hw_gpio.o
 .debug_frame   0x00000000000000f8       0x58 ./Core/Src/hw_spi.o
 .debug_frame   0x0000000000000150       0xac ./Core/Src/main.o
 .debug_frame   0x00000000000001fc       0x80 ./Core/Src/stm32f4xx_hal_msp.o
 .debug_frame   0x000000000000027c      0x104 ./Core/Src/stm32f4xx_it.o
 .debug_frame   0x0000000000000380       0x58 ./Core/Src/system_stm32f4xx.o
 .debug_frame   0x00000000000003d8      0x374 ./Drivers/STM32F4xx_HAL_Driver/Src/stm32f4xx_hal.o
 .debug_frame   0x000000000000074c      0x498 ./Drivers/STM32F4xx_HAL_Driver/Src/stm32f4xx_hal_cortex.o
 .debug_frame   0x0000000000000be4      0x14c ./Drivers/STM32F4xx_HAL_Driver/Src/stm32f4xx_hal_gpio.o
 .debug_frame   0x0000000000000d30      0x1f4 ./Drivers/STM32F4xx_HAL_Driver/Src/stm32f4xx_hal_rcc.o
 .debug_frame   0x0000000000000f24      0x1e8 ./Drivers/STM32F4xx_HAL_Driver/Src/stm32f4xx_hal_rcc_ex.o
 .debug_frame   0x000000000000110c      0x824 ./Drivers/STM32F4xx_HAL_Driver/Src/stm32f4xx_hal_spi.o
 .debug_frame   0x0000000000001930       0x2c c:/st/stm32cubeide_1.11.2/stm32cubeide/plugins/com.st.stm32cube.ide.mcu.externaltools.gnu-tools-for-stm32.10.3-2021.10.win32_1.0.200.202301161003/tools/bin/../lib/gcc/arm-none-eabi/10.3.1/../../../../arm-none-eabi/lib/thumb/v7e-m+fp/hard\libc_nano.a(lib_a-init.o)
 .debug_frame   0x000000000000195c       0x20 c:/st/stm32cubeide_1.11.2/stm32cubeide/plugins/com.st.stm32cube.ide.mcu.externaltools.gnu-tools-for-stm32.10.3-2021.10.win32_1.0.200.202301161003/tools/bin/../lib/gcc/arm-none-eabi/10.3.1/../../../../arm-none-eabi/lib/thumb/v7e-m+fp/hard\libc_nano.a(lib_a-memset.o)
 .debug_frame   0x000000000000197c       0x2c c:/st/stm32cubeide_1.11.2/stm32cubeide/plugins/com.st.stm32cube.ide.mcu.externaltools.gnu-tools-for-stm32.10.3-2021.10.win32_1.0.200.202301161003/tools/bin/../lib/gcc/arm-none-eabi/10.3.1/thumb/v7e-m+fp/hard\libgcc.a(_aeabi_uldivmod.o)
 .debug_frame   0x00000000000019a8       0x34 c:/st/stm32cubeide_1.11.2/stm32cubeide/plugins/com.st.stm32cube.ide.mcu.externaltools.gnu-tools-for-stm32.10.3-2021.10.win32_1.0.200.202301161003/tools/bin/../lib/gcc/arm-none-eabi/10.3.1/thumb/v7e-m+fp/hard\libgcc.a(_udivmoddi4.o)
